Category: 📺央视频道, Name: CCTV-1, Total: 242, Valid: 63, Valid Percent: 26.03%, Whitelist: 0, IPv4: 20, IPv6: 222, Min Delay: 0.1 ms, Max Speed: 26.41 M/s, Avg Speed: 3.70 M/s, Max Resolution: 1920x1080
Category: 📺央视频道, Name: CCTV-2, Total: 250, Valid: 81, Valid Percent: 32.40%, Whitelist: 0, IPv4: 14, IPv6: 236, Min Delay: 0.1 ms, Max Speed: 37.61 M/s, Avg Speed: 3.72 M/s, Max Resolution: 1920x1080
Category: 📺央视频道, Name: CCTV-3, Total: 228, Valid: 62, Valid Percent: 27.19%, Whitelist: 0, IPv4: 8, IPv6: 220, Min Delay: 0.1 ms, Max Speed: 41.58 M/s, Avg Speed: 2.86 M/s, Max Resolution: 1920x1080
Category: 📺央视频道, Name: CCTV-4, Total: 463, Valid: 77, Valid Percent: 16.63%, Whitelist: 0, IPv4: 18, IPv6: 445, Min Delay: 0.1 ms, Max Speed: 38.75 M/s, Avg Speed: 6.68 M/s, Max Resolution: 1920x1080
Category: 📺央视频道, Name: CCTV-5, Total: 357, Valid: 52, Valid Percent: 14.57%, Whitelist: 0, IPv4: 15, IPv6: 342, Min Delay: 0.1 ms, Max Speed: 45.17 M/s, Avg Speed: 6.19 M/s, Max Resolution: 1920x1080
Category: 📺央视频道, Name: CCTV-5+, Total: 100, Valid: 41, Valid Percent: 41.00%, Whitelist: 0, IPv4: 4, IPv6: 96, Min Delay: 0.1 ms, Max Speed: 39.44 M/s, Avg Speed: 2.98 M/s, Max Resolution: 1920x1080
Category: 📺央视频道, Name: CCTV-6, Total: 222, Valid: 48, Valid Percent: 21.62%, Whitelist: 0, IPv4: 13, IPv6: 209, Min Delay: 0.1 ms, Max Speed: 42.38 M/s, Avg Speed: 8.27 M/s, Max Resolution: 1920x1080
Category: 📺央视频道, Name: CCTV-7, Total: 234, Valid: 68, Valid Percent: 29.06%, Whitelist: 0, IPv4: 10, IPv6: 224, Min Delay: 0.1 ms, Max Speed: 39.72 M/s, Avg Speed: 4.22 M/s, Max Resolution: 1920x1080
Category: 📺央视频道, Name: CCTV-8, Total: 230, Valid: 63, Valid Percent: 27.39%, Whitelist: 0, IPv4: 16, IPv6: 214, Min Delay: 0.1 ms, Max Speed: 37.82 M/s, Avg Speed: 6.95 M/s, Max Resolution: 1920x1080
Category: 📺央视频道, Name: CCTV-9, Total: 234, Valid: 66, Valid Percent: 28.21%, Whitelist: 0, IPv4: 7, IPv6: 227, Min Delay: 0.1 ms, Max Speed: 44.10 M/s, Avg Speed: 3.42 M/s, Max Resolution: 1920x1080
Category: 📺央视频道, Name: CCTV-10, Total: 233, Valid: 67, Valid Percent: 28.76%, Whitelist: 0, IPv4: 10, IPv6: 223, Min Delay: 0.1 ms, Max Speed: 36.35 M/s, Avg Speed: 4.12 M/s, Max Resolution: 1920x1080
Category: 📺央视频道, Name: CCTV-11, Total: 240, Valid: 73, Valid Percent: 30.42%, Whitelist: 0, IPv4: 7, IPv6: 233, Min Delay: 0.1 ms, Max Speed: 31.81 M/s, Avg Speed: 2.13 M/s, Max Resolution: 1920x1080
Category: 📺央视频道, Name: CCTV-12, Total: 238, Valid: 71, Valid Percent: 29.83%, Whitelist: 0, IPv4: 7, IPv6: 231, Min Delay: 0.1 ms, Max Speed: 31.84 M/s, Avg Speed: 2.51 M/s, Max Resolution: 1920x1080
Category: 📺央视频道, Name: CCTV-13, Total: 233, Valid: 55, Valid Percent: 23.61%, Whitelist: 0, IPv4: 14, IPv6: 219, Min Delay: 0.1 ms, Max Speed: 41.40 M/s, Avg Speed: 6.57 M/s, Max Resolution: 1920x1080
Category: 📺央视频道, Name: CCTV-14, Total: 217, Valid: 45, Valid Percent: 20.74%, Whitelist: 0, IPv4: 7, IPv6: 210, Min Delay: 0.1 ms, Max Speed: 36.62 M/s, Avg Speed: 4.31 M/s, Max Resolution: 1920x1080
Category: 📺央视频道, Name: CCTV-15, Total: 232, Valid: 68, Valid Percent: 29.31%, Whitelist: 0, IPv4: 5, IPv6: 227, Min Delay: 0.1 ms, Max Speed: 35.73 M/s, Avg Speed: 1.99 M/s, Max Resolution: 1920x1080
Category: 📺央视频道, Name: CCTV-16, Total: 51, Valid: 27, Valid Percent: 52.94%, Whitelist: 0, IPv4: 4, IPv6: 47, Min Delay: 0.1 ms, Max Speed: 36.00 M/s, Avg Speed: 2.81 M/s, Max Resolution: 1920x1080
Category: 📺央视频道, Name: CCTV-17, Total: 220, Valid: 51, Valid Percent: 23.18%, Whitelist: 0, IPv4: 7, IPv6: 213, Min Delay: 0.1 ms, Max Speed: 39.53 M/s, Avg Speed: 4.15 M/s, Max Resolution: 1920x1080
Category: 📺央视频道, Name: CETV-1, Total: 209, Valid: 3, Valid Percent: 1.44%, Whitelist: 0, IPv4: 3, IPv6: 206, Min Delay: 28 ms, Max Speed: 37.04 M/s, Avg Speed: 12.45 M/s, Max Resolution: 1920x1080
Category: 📺央视频道, Name: CETV-2, Total: 185, Valid: 1, Valid Percent: 0.54%, Whitelist: 0, IPv4: 1, IPv6: 184, Min Delay: 24 ms, Max Speed: 42.75 M/s, Avg Speed: 42.75 M/s, Max Resolution: 1920x1080
Category: 📺央视频道, Name: CETV-3, Total: 6, Valid: 0, Valid Percent: 0.00%, Whitelist: 0, IPv4: 0, IPv6: 6, Min Delay: -1 ms, Max Speed: 0.00 M/s, Avg Speed: 0.00 M/s, Max Resolution: None
Category: 📺央视频道, Name: CETV-4, Total: 192, Valid: 1, Valid Percent: 0.52%, Whitelist: 0, IPv4: 1, IPv6: 191, Min Delay: 25 ms, Max Speed: 43.62 M/s, Avg Speed: 43.62 M/s, Max Resolution: 1920x1080
Category: 💰央视付费频道, Name: 文化精品, Total: 3, Valid: 1, Valid Percent: 33.33%, Whitelist: 0, IPv4: 1, IPv6: 2, Min Delay: 733 ms, Max Speed: 5.89 M/s, Avg Speed: 5.89 M/s, Max Resolution: 1920x1080
Category: 💰央视付费频道, Name: 央视台球, Total: 5, Valid: 2, Valid Percent: 40.00%, Whitelist: 0, IPv4: 1, IPv6: 4, Min Delay: 0.1 ms, Max Speed: 7.30 M/s, Avg Speed: 3.65 M/s, Max Resolution: 1920x1080
Category: 💰央视付费频道, Name: 风云音乐, Total: 3, Valid: 1, Valid Percent: 33.33%, Whitelist: 0, IPv4: 1, IPv6: 2, Min Delay: 432 ms, Max Speed: 0.08 M/s, Avg Speed: 0.08 M/s, Max Resolution: 1920x1080
Category: 💰央视付费频道, Name: 第一剧场, Total: 7, Valid: 1, Valid Percent: 14.29%, Whitelist: 0, IPv4: 1, IPv6: 6, Min Delay: 445 ms, Max Speed: 0.07 M/s, Avg Speed: 0.07 M/s, Max Resolution: 1920x1080
Category: 💰央视付费频道, Name: 风云剧场, Total: 4, Valid: 1, Valid Percent: 25.00%, Whitelist: 0, IPv4: 1, IPv6: 3, Min Delay: 567 ms, Max Speed: 7.52 M/s, Avg Speed: 7.52 M/s, Max Resolution: 1920x1080
Category: 💰央视付费频道, Name: 怀旧剧场, Total: 5, Valid: 1, Valid Percent: 20.00%, Whitelist: 0, IPv4: 1, IPv6: 4, Min Delay: 611 ms, Max Speed: 6.82 M/s, Avg Speed: 6.82 M/s, Max Resolution: 1920x1080
Category: 💰央视付费频道, Name: 女性时尚, Total: 2, Valid: 0, Valid Percent: 0.00%, Whitelist: 0, IPv4: 0, IPv6: 2, Min Delay: -1 ms, Max Speed: 0.00 M/s, Avg Speed: 0.00 M/s, Max Resolution: None
Category: 💰央视付费频道, Name: 高尔夫网球, Total: 3, Valid: 1, Valid Percent: 33.33%, Whitelist: 0, IPv4: 1, IPv6: 2, Min Delay: 550 ms, Max Speed: 6.88 M/s, Avg Speed: 6.88 M/s, Max Resolution: 1920x1080
Category: 💰央视付费频道, Name: 风云足球, Total: 6, Valid: 4, Valid Percent: 66.67%, Whitelist: 0, IPv4: 0, IPv6: 6, Min Delay: 0.1 ms, Max Speed: 0.00 M/s, Avg Speed: 0.00 M/s, Max Resolution: 1920x1080
Category: 💰央视付费频道, Name: 电视指南, Total: 3, Valid: 1, Valid Percent: 33.33%, Whitelist: 0, IPv4: 1, IPv6: 2, Min Delay: 591 ms, Max Speed: 7.31 M/s, Avg Speed: 7.31 M/s, Max Resolution: 1920x1080
Category: 💰央视付费频道, Name: 世界地理, Total: 3, Valid: 2, Valid Percent: 66.67%, Whitelist: 0, IPv4: 1, IPv6: 2, Min Delay: 0.1 ms, Max Speed: 7.56 M/s, Avg Speed: 3.78 M/s, Max Resolution: 1920x1080
Category: 💰央视付费频道, Name: 兵器科技, Total: 3, Valid: 1, Valid Percent: 33.33%, Whitelist: 0, IPv4: 1, IPv6: 2, Min Delay: 3036 ms, Max Speed: 1.41 M/s, Avg Speed: 1.41 M/s, Max Resolution: 1920x1080
Category: 📡卫视频道, Name: 广东卫视, Total: 232, Valid: 64, Valid Percent: 27.59%, Whitelist: 0, IPv4: 6, IPv6: 226, Min Delay: 0.1 ms, Max Speed: 44.15 M/s, Avg Speed: 3.35 M/s, Max Resolution: 1920x1080
Category: 📡卫视频道, Name: 香港卫视, Total: 13, Valid: 5, Valid Percent: 38.46%, Whitelist: 0, IPv4: 0, IPv6: 13, Min Delay: 0.1 ms, Max Speed: 0.00 M/s, Avg Speed: 0.00 M/s, Max Resolution: 1920x1080
Category: 📡卫视频道, Name: 浙江卫视, Total: 309, Valid: 83, Valid Percent: 26.86%, Whitelist: 0, IPv4: 15, IPv6: 294, Min Delay: 0.1 ms, Max Speed: 47.84 M/s, Avg Speed: 7.14 M/s, Max Resolution: 1920x1080
Category: 📡卫视频道, Name: 湖南卫视, Total: 194, Valid: 65, Valid Percent: 33.51%, Whitelist: 0, IPv4: 9, IPv6: 185, Min Delay: 0.1 ms, Max Speed: 46.22 M/s, Avg Speed: 3.03 M/s, Max Resolution: 3840x2160
Category: 📡卫视频道, Name: 北京卫视, Total: 214, Valid: 60, Valid Percent: 28.04%, Whitelist: 0, IPv4: 8, IPv6: 206, Min Delay: 0.1 ms, Max Speed: 35.91 M/s, Avg Speed: 2.72 M/s, Max Resolution: 1920x1080
Category: 📡卫视频道, Name: 湖北卫视, Total: 248, Valid: 75, Valid Percent: 30.24%, Whitelist: 0, IPv4: 5, IPv6: 243, Min Delay: 0.1 ms, Max Speed: 40.28 M/s, Avg Speed: 1.26 M/s, Max Resolution: 1920x1080
Category: 📡卫视频道, Name: 黑龙江卫视, Total: 89, Valid: 63, Valid Percent: 70.79%, Whitelist: 0, IPv4: 5, IPv6: 84, Min Delay: 0.1 ms, Max Speed: 37.57 M/s, Avg Speed: 2.06 M/s, Max Resolution: 1920x1080
Category: 📡卫视频道, Name: 安徽卫视, Total: 86, Valid: 61, Valid Percent: 70.93%, Whitelist: 0, IPv4: 3, IPv6: 83, Min Delay: 0.1 ms, Max Speed: 31.33 M/s, Avg Speed: 1.39 M/s, Max Resolution: 1920x1080
Category: 📡卫视频道, Name: 重庆卫视, Total: 87, Valid: 59, Valid Percent: 67.82%, Whitelist: 0, IPv4: 4, IPv6: 83, Min Delay: 0.1 ms, Max Speed: 39.37 M/s, Avg Speed: 1.49 M/s, Max Resolution: 1920x1080
Category: 📡卫视频道, Name: 东方卫视, Total: 248, Valid: 66, Valid Percent: 26.61%, Whitelist: 0, IPv4: 7, IPv6: 241, Min Delay: 0.1 ms, Max Speed: 33.40 M/s, Avg Speed: 2.02 M/s, Max Resolution: 1920x1080
Category: 📡卫视频道, Name: 东南卫视, Total: 77, Valid: 45, Valid Percent: 58.44%, Whitelist: 0, IPv4: 4, IPv6: 73, Min Delay: 0.1 ms, Max Speed: 24.81 M/s, Avg Speed: 1.88 M/s, Max Resolution: 1920x1080
Category: 📡卫视频道, Name: 甘肃卫视, Total: 49, Valid: 27, Valid Percent: 55.10%, Whitelist: 0, IPv4: 3, IPv6: 46, Min Delay: 0.1 ms, Max Speed: 32.25 M/s, Avg Speed: 3.33 M/s, Max Resolution: 1920x1080
Category: 📡卫视频道, Name: 广西卫视, Total: 56, Valid: 38, Valid Percent: 67.86%, Whitelist: 0, IPv4: 4, IPv6: 52, Min Delay: 0.1 ms, Max Speed: 35.59 M/s, Avg Speed: 2.17 M/s, Max Resolution: 1920x1080
Category: 📡卫视频道, Name: 贵州卫视, Total: 65, Valid: 40, Valid Percent: 61.54%, Whitelist: 0, IPv4: 6, IPv6: 59, Min Delay: 0.1 ms, Max Speed: 32.03 M/s, Avg Speed: 3.20 M/s, Max Resolution: 1920x1080
Category: 📡卫视频道, Name: 海南卫视, Total: 301, Valid: 41, Valid Percent: 13.62%, Whitelist: 0, IPv4: 4, IPv6: 297, Min Delay: 0.1 ms, Max Speed: 19.93 M/s, Avg Speed: 1.36 M/s, Max Resolution: 1920x1080
Category: 📡卫视频道, Name: 河北卫视, Total: 71, Valid: 47, Valid Percent: 66.20%, Whitelist: 0, IPv4: 6, IPv6: 65, Min Delay: 0.1 ms, Max Speed: 27.67 M/s, Avg Speed: 2.69 M/s, Max Resolution: 1920x1080
Category: 📡卫视频道, Name: 河南卫视, Total: 231, Valid: 55, Valid Percent: 23.81%, Whitelist: 0, IPv4: 6, IPv6: 225, Min Delay: 0.1 ms, Max Speed: 38.02 M/s, Avg Speed: 2.69 M/s, Max Resolution: 1920x1080
Category: 📡卫视频道, Name: 吉林卫视, Total: 222, Valid: 61, Valid Percent: 27.48%, Whitelist: 0, IPv4: 7, IPv6: 215, Min Delay: 0.1 ms, Max Speed: 27.63 M/s, Avg Speed: 2.14 M/s, Max Resolution: 1920x1080
Category: 📡卫视频道, Name: 江苏卫视, Total: 248, Valid: 74, Valid Percent: 29.84%, Whitelist: 0, IPv4: 11, IPv6: 237, Min Delay: 0.1 ms, Max Speed: 27.33 M/s, Avg Speed: 2.42 M/s, Max Resolution: 1920x1080
Category: 📡卫视频道, Name: 江西卫视, Total: 243, Valid: 69, Valid Percent: 28.40%, Whitelist: 0, IPv4: 5, IPv6: 238, Min Delay: 0.1 ms, Max Speed: 27.56 M/s, Avg Speed: 1.44 M/s, Max Resolution: 1920x1080
Category: 📡卫视频道, Name: 辽宁卫视, Total: 211, Valid: 41, Valid Percent: 19.43%, Whitelist: 0, IPv4: 2, IPv6: 209, Min Delay: 0.1 ms, Max Speed: 15.78 M/s, Avg Speed: 0.72 M/s, Max Resolution: 1920x1080
Category: 📡卫视频道, Name: 内蒙古卫视, Total: 156, Valid: 24, Valid Percent: 15.38%, Whitelist: 0, IPv4: 3, IPv6: 153, Min Delay: 0.1 ms, Max Speed: 24.67 M/s, Avg Speed: 2.28 M/s, Max Resolution: 1920x1080
Category: 📡卫视频道, Name: 宁夏卫视, Total: 93, Valid: 24, Valid Percent: 25.81%, Whitelist: 0, IPv4: 4, IPv6: 89, Min Delay: 0.1 ms, Max Speed: 16.64 M/s, Avg Speed: 2.46 M/s, Max Resolution: 1920x1080
Category: 📡卫视频道, Name: 青海卫视, Total: 216, Valid: 31, Valid Percent: 14.35%, Whitelist: 0, IPv4: 5, IPv6: 211, Min Delay: 0.1 ms, Max Speed: 16.40 M/s, Avg Speed: 2.20 M/s, Max Resolution: 1920x1080
Category: 📡卫视频道, Name: 山东卫视, Total: 71, Valid: 46, Valid Percent: 64.79%, Whitelist: 0, IPv4: 5, IPv6: 66, Min Delay: 0.1 ms, Max Speed: 22.77 M/s, Avg Speed: 1.62 M/s, Max Resolution: 1920x1080
Category: 📡卫视频道, Name: 山西卫视, Total: 35, Valid: 16, Valid Percent: 45.71%, Whitelist: 0, IPv4: 4, IPv6: 31, Min Delay: 0.1 ms, Max Speed: 28.67 M/s, Avg Speed: 4.20 M/s, Max Resolution: 1920x1080
Category: 📡卫视频道, Name: 陕西卫视, Total: 192, Valid: 26, Valid Percent: 13.54%, Whitelist: 0, IPv4: 4, IPv6: 188, Min Delay: 0.1 ms, Max Speed: 25.82 M/s, Avg Speed: 2.48 M/s, Max Resolution: 1920x1080
Category: 📡卫视频道, Name: 四川卫视, Total: 62, Valid: 36, Valid Percent: 58.06%, Whitelist: 0, IPv4: 6, IPv6: 56, Min Delay: 0.1 ms, Max Speed: 29.09 M/s, Avg Speed: 2.62 M/s, Max Resolution: 1920x1080
Category: 📡卫视频道, Name: 深圳卫视, Total: 69, Valid: 39, Valid Percent: 56.52%, Whitelist: 0, IPv4: 6, IPv6: 63, Min Delay: 0.1 ms, Max Speed: 23.42 M/s, Avg Speed: 2.20 M/s, Max Resolution: 1920x1080
Category: 📡卫视频道, Name: 三沙卫视, Total: 130, Valid: 15, Valid Percent: 11.54%, Whitelist: 0, IPv4: 4, IPv6: 126, Min Delay: 0.1 ms, Max Speed: 28.30 M/s, Avg Speed: 5.52 M/s, Max Resolution: 1920x1080
Category: 📡卫视频道, Name: 天津卫视, Total: 68, Valid: 45, Valid Percent: 66.18%, Whitelist: 0, IPv4: 5, IPv6: 63, Min Delay: 0.1 ms, Max Speed: 30.92 M/s, Avg Speed: 2.07 M/s, Max Resolution: 1920x1080
Category: 📡卫视频道, Name: 西藏卫视, Total: 42, Valid: 24, Valid Percent: 57.14%, Whitelist: 0, IPv4: 3, IPv6: 39, Min Delay: 0.1 ms, Max Speed: 31.89 M/s, Avg Speed: 3.42 M/s, Max Resolution: 1920x1080
Category: 📡卫视频道, Name: 新疆卫视, Total: 44, Valid: 24, Valid Percent: 54.55%, Whitelist: 0, IPv4: 3, IPv6: 41, Min Delay: 0.1 ms, Max Speed: 17.81 M/s, Avg Speed: 1.97 M/s, Max Resolution: 1920x1080
Category: 📡卫视频道, Name: 云南卫视, Total: 49, Valid: 28, Valid Percent: 57.14%, Whitelist: 0, IPv4: 4, IPv6: 45, Min Delay: 0.1 ms, Max Speed: 37.69 M/s, Avg Speed: 3.41 M/s, Max Resolution: 1920x1080
Category: ☘️湖南频道, Name: 湖南都市, Total: 11, Valid: 7, Valid Percent: 63.64%, Whitelist: 0, IPv4: 0, IPv6: 11, Min Delay: 0.1 ms, Max Speed: 0.00 M/s, Avg Speed: 0.00 M/s, Max Resolution: 1920x1080
Category: ☘️湖南频道, Name: 湖南经视, Total: 11, Valid: 10, Valid Percent: 90.91%, Whitelist: 0, IPv4: 0, IPv6: 11, Min Delay: 0.1 ms, Max Speed: 0.00 M/s, Avg Speed: 0.00 M/s, Max Resolution: 1920x1080
Category: ☘️湖南频道, Name: 湖南电视剧, Total: 15, Valid: 12, Valid Percent: 80.00%, Whitelist: 0, IPv4: 0, IPv6: 15, Min Delay: 0.1 ms, Max Speed: 0.00 M/s, Avg Speed: 0.00 M/s, Max Resolution: 1920x1080
Category: ☘️湖南频道, Name: 湖南电影, Total: 3, Valid: 2, Valid Percent: 66.67%, Whitelist: 0, IPv4: 0, IPv6: 3, Min Delay: 0.1 ms, Max Speed: 0.00 M/s, Avg Speed: 0.00 M/s, Max Resolution: 1920x1080
Category: ☘️湖南频道, Name: 湖南爱晚, Total: 3, Valid: 1, Valid Percent: 33.33%, Whitelist: 0, IPv4: 0, IPv6: 3, Min Delay: 0.1 ms, Max Speed: 0.00 M/s, Avg Speed: 0.00 M/s, Max Resolution: 1920x1080
Category: ☘️湖南频道, Name: 湖南教育, Total: 2, Valid: 2, Valid Percent: 100.00%, Whitelist: 0, IPv4: 0, IPv6: 2, Min Delay: 0.1 ms, Max Speed: 0.00 M/s, Avg Speed: 0.00 M/s, Max Resolution: 1920x1080
Category: ☘️湖南频道, Name: 湖南娱乐, Total: 4, Valid: 2, Valid Percent: 50.00%, Whitelist: 0, IPv4: 0, IPv6: 4, Min Delay: 0.1 ms, Max Speed: 0.00 M/s, Avg Speed: 0.00 M/s, Max Resolution: 1920x1080
Category: ☘️湖南频道, Name: 湖南国际, Total: 4, Valid: 3, Valid Percent: 75.00%, Whitelist: 0, IPv4: 0, IPv6: 4, Min Delay: 0.1 ms, Max Speed: 0.00 M/s, Avg Speed: 0.00 M/s, Max Resolution: 1920x1080
Category: ☘️湖南频道, Name: 湖南公共, Total: 4, Valid: 3, Valid Percent: 75.00%, Whitelist: 0, IPv4: 0, IPv6: 4, Min Delay: 0.1 ms, Max Speed: 0.00 M/s, Avg Speed: 0.00 M/s, Max Resolution: 1920x1080
Category: ☘️湖南频道, Name: 金鹰纪实, Total: 18, Valid: 8, Valid Percent: 44.44%, Whitelist: 0, IPv4: 0, IPv6: 18, Min Delay: 0.1 ms, Max Speed: 0.00 M/s, Avg Speed: 0.00 M/s, Max Resolution: 1920x1080
Category: ☘️湖南频道, Name: 湖南金鹰纪实, Total: 3, Valid: 2, Valid Percent: 66.67%, Whitelist: 0, IPv4: 0, IPv6: 3, Min Delay: 0.1 ms, Max Speed: 0.00 M/s, Avg Speed: 0.00 M/s, Max Resolution: 1920x1080
Category: ☘️湖南频道, Name: 长沙新闻综合, Total: 1, Valid: 1, Valid Percent: 100.00%, Whitelist: 0, IPv4: 0, IPv6: 1, Min Delay: 0.1 ms, Max Speed: 0.00 M/s, Avg Speed: 0.00 M/s, Max Resolution: 1920x1080
Category: ☘️湖南频道, Name: 长沙新闻, Total: 1, Valid: 0, Valid Percent: 0.00%, Whitelist: 0, IPv4: 0, IPv6: 1, Min Delay: -1 ms, Max Speed: 0.00 M/s, Avg Speed: 0.00 M/s, Max Resolution: None
Category: 🌊港·澳·台, Name: 翡翠台, Total: 227, Valid: 18, Valid Percent: 7.93%, Whitelist: 0, IPv4: 1, IPv6: 226, Min Delay: 0.1 ms, Max Speed: 7.24 M/s, Avg Speed: 0.40 M/s, Max Resolution: 1920x1080
Category: 🌊港·澳·台, Name: 明珠台, Total: 183, Valid: 0, Valid Percent: 0.00%, Whitelist: 0, IPv4: 0, IPv6: 183, Min Delay: -1 ms, Max Speed: 0.00 M/s, Avg Speed: 0.00 M/s, Max Resolution: None
Category: 🌊港·澳·台, Name: 凤凰中文, Total: 270, Valid: 20, Valid Percent: 7.41%, Whitelist: 0, IPv4: 1, IPv6: 269, Min Delay: 0.1 ms, Max Speed: 0.26 M/s, Avg Speed: 0.01 M/s, Max Resolution: 1920x1080
Category: 🌊港·澳·台, Name: 凤凰资讯, Total: 284, Valid: 36, Valid Percent: 12.68%, Whitelist: 0, IPv4: 1, IPv6: 283, Min Delay: 0.1 ms, Max Speed: 0.24 M/s, Avg Speed: 0.01 M/s, Max Resolution: 1920x1080
Category: 🌊港·澳·台, Name: 凤凰香港, Total: 253, Valid: 15, Valid Percent: 5.93%, Whitelist: 0, IPv4: 0, IPv6: 253, Min Delay: 0.1 ms, Max Speed: 0.00 M/s, Avg Speed: 0.00 M/s, Max Resolution: 1920x1080
Category: 🌊港·澳·台, Name: 凤凰卫视, Total: 7, Valid: 4, Valid Percent: 57.14%, Whitelist: 0, IPv4: 0, IPv6: 7, Min Delay: 0.1 ms, Max Speed: 0.00 M/s, Avg Speed: 0.00 M/s, Max Resolution: 1920x1080
Category: 🌊港·澳·台, Name: TVBS亚洲, Total: 2, Valid: 1, Valid Percent: 50.00%, Whitelist: 0, IPv4: 0, IPv6: 2, Min Delay: 0.1 ms, Max Speed: 0.00 M/s, Avg Speed: 0.00 M/s, Max Resolution: 1920x1080
Category: 🌊港·澳·台, Name: 香港卫视, Total: 13, Valid: 5, Valid Percent: 38.46%, Whitelist: 0, IPv4: 0, IPv6: 13, Min Delay: 0.1 ms, Max Speed: 0.00 M/s, Avg Speed: 0.00 M/s, Max Resolution: 1920x1080
Category: 🌊港·澳·台, Name: 纬来体育, Total: 8, Valid: 5, Valid Percent: 62.50%, Whitelist: 0, IPv4: 0, IPv6: 8, Min Delay: 0.1 ms, Max Speed: 0.00 M/s, Avg Speed: 0.00 M/s, Max Resolution: 1920x1080
Category: 🌊港·澳·台, Name: 纬来育乐, Total: 73, Valid: 0, Valid Percent: 0.00%, Whitelist: 0, IPv4: 0, IPv6: 73, Min Delay: -1 ms, Max Speed: 0.00 M/s, Avg Speed: 0.00 M/s, Max Resolution: None
Category: 🌊港·澳·台, Name: J2, Total: 2, Valid: 1, Valid Percent: 50.00%, Whitelist: 0, IPv4: 0, IPv6: 2, Min Delay: 0.1 ms, Max Speed: 0.00 M/s, Avg Speed: 0.00 M/s, Max Resolution: 1920x1080
Category: 🌊港·澳·台, Name: Viutv, Total: 1, Valid: 1, Valid Percent: 100.00%, Whitelist: 0, IPv4: 0, IPv6: 1, Min Delay: 0.1 ms, Max Speed: 0.00 M/s, Avg Speed: 0.00 M/s, Max Resolution: 1920x1080
Category: 🌊港·澳·台, Name: 三立台湾, Total: 1, Valid: 1, Valid Percent: 100.00%, Whitelist: 0, IPv4: 0, IPv6: 1, Min Delay: 0.1 ms, Max Speed: 0.00 M/s, Avg Speed: 0.00 M/s, Max Resolution: 1920x1080
Category: 🌊港·澳·台, Name: 无线新闻, Total: 5, Valid: 5, Valid Percent: 100.00%, Whitelist: 0, IPv4: 0, IPv6: 5, Min Delay: 0.1 ms, Max Speed: 0.00 M/s, Avg Speed: 0.00 M/s, Max Resolution: 1920x1080
Category: 🌊港·澳·台, Name: 三立新闻, Total: 9, Valid: 5, Valid Percent: 55.56%, Whitelist: 0, IPv4: 0, IPv6: 9, Min Delay: 0.1 ms, Max Speed: 0.00 M/s, Avg Speed: 0.00 M/s, Max Resolution: 1920x1080
Category: 🌊港·澳·台, Name: 东森综合, Total: 2, Valid: 1, Valid Percent: 50.00%, Whitelist: 0, IPv4: 0, IPv6: 2, Min Delay: 0.1 ms, Max Speed: 0.00 M/s, Avg Speed: 0.00 M/s, Max Resolution: 1920x1080
Category: 🌊港·澳·台, Name: 东森超视, Total: 10, Valid: 5, Valid Percent: 50.00%, Whitelist: 0, IPv4: 0, IPv6: 10, Min Delay: 0.1 ms, Max Speed: 0.00 M/s, Avg Speed: 0.00 M/s, Max Resolution: 1920x1080
Category: 🌊港·澳·台, Name: 东森电影, Total: 6, Valid: 4, Valid Percent: 66.67%, Whitelist: 0, IPv4: 0, IPv6: 6, Min Delay: 0.1 ms, Max Speed: 0.00 M/s, Avg Speed: 0.00 M/s, Max Resolution: 1920x1080
Category: 🌊港·澳·台, Name: Now剧集, Total: 1, Valid: 0, Valid Percent: 0.00%, Whitelist: 0, IPv4: 0, IPv6: 1, Min Delay: -1 ms, Max Speed: 0.00 M/s, Avg Speed: 0.00 M/s, Max Resolution: None
Category: 🌊港·澳·台, Name: Now华剧, Total: 1, Valid: 1, Valid Percent: 100.00%, Whitelist: 0, IPv4: 1, IPv6: 0, Min Delay: 97 ms, Max Speed: 0.38 M/s, Avg Speed: 0.38 M/s, Max Resolution: 1024x576
Category: 🌊港·澳·台, Name: 靖天资讯, Total: 25, Valid: 0, Valid Percent: 0.00%, Whitelist: 0, IPv4: 0, IPv6: 25, Min Delay: -1 ms, Max Speed: 0.00 M/s, Avg Speed: 0.00 M/s, Max Resolution: None
Category: 🎬电影频道, Name: CHC家庭影院, Total: 105, Valid: 11, Valid Percent: 10.48%, Whitelist: 0, IPv4: 2, IPv6: 103, Min Delay: 0.1 ms, Max Speed: 40.90 M/s, Avg Speed: 6.90 M/s, Max Resolution: 1920x1080
Category: 🎬电影频道, Name: CHC动作电影, Total: 107, Valid: 19, Valid Percent: 17.76%, Whitelist: 0, IPv4: 2, IPv6: 105, Min Delay: 0.1 ms, Max Speed: 34.23 M/s, Avg Speed: 3.29 M/s, Max Resolution: 1920x1080
Category: 🎬电影频道, Name: CHC高清电影, Total: 6, Valid: 3, Valid Percent: 50.00%, Whitelist: 0, IPv4: 6, IPv6: 0, Min Delay: 10004 ms, Max Speed: 0.26 M/s, Avg Speed: 0.10 M/s, Max Resolution: 1920x1080
Category: 🎬电影频道, Name: 淘剧场, Total: 5, Valid: 2, Valid Percent: 40.00%, Whitelist: 0, IPv4: 0, IPv6: 5, Min Delay: 0.1 ms, Max Speed: 0.00 M/s, Avg Speed: 0.00 M/s, Max Resolution: 1920x1080
Category: 🎬电影频道, Name: 淘娱乐, Total: 5, Valid: 2, Valid Percent: 40.00%, Whitelist: 0, IPv4: 0, IPv6: 5, Min Delay: 0.1 ms, Max Speed: 0.00 M/s, Avg Speed: 0.00 M/s, Max Resolution: 1920x1080
Category: 🎬电影频道, Name: 淘电影, Total: 10, Valid: 10, Valid Percent: 100.00%, Whitelist: 0, IPv4: 0, IPv6: 10, Min Delay: 0.1 ms, Max Speed: 0.00 M/s, Avg Speed: 0.00 M/s, Max Resolution: 1920x1080
Category: 🎬电影频道, Name: NewTV惊悚悬疑, Total: 9, Valid: 1, Valid Percent: 11.11%, Whitelist: 0, IPv4: 0, IPv6: 9, Min Delay: 0.1 ms, Max Speed: 0.00 M/s, Avg Speed: 0.00 M/s, Max Resolution: 1920x1080
Category: 🎬电影频道, Name: NewTV动作电影, Total: 3, Valid: 1, Valid Percent: 33.33%, Whitelist: 0, IPv4: 0, IPv6: 3, Min Delay: 0.1 ms, Max Speed: 0.00 M/s, Avg Speed: 0.00 M/s, Max Resolution: 1920x1080
Category: 🎬电影频道, Name: 黑莓电影, Total: 13, Valid: 9, Valid Percent: 69.23%, Whitelist: 0, IPv4: 0, IPv6: 13, Min Delay: 0.1 ms, Max Speed: 0.00 M/s, Avg Speed: 0.00 M/s, Max Resolution: 1920x1080
Category: 🎬电影频道, Name: 纬来电影, Total: 87, Valid: 0, Valid Percent: 0.00%, Whitelist: 0, IPv4: 0, IPv6: 87, Min Delay: -1 ms, Max Speed: 0.00 M/s, Avg Speed: 0.00 M/s, Max Resolution: None
Category: 🎬电影频道, Name: 靖天映画, Total: 6, Valid: 0, Valid Percent: 0.00%, Whitelist: 0, IPv4: 0, IPv6: 6, Min Delay: -1 ms, Max Speed: 0.00 M/s, Avg Speed: 0.00 M/s, Max Resolution: None
Category: 🎬电影频道, Name: 靖天戏剧, Total: 23, Valid: 1, Valid Percent: 4.35%, Whitelist: 0, IPv4: 0, IPv6: 23, Min Delay: 0.1 ms, Max Speed: 0.00 M/s, Avg Speed: 0.00 M/s, Max Resolution: 1920x1080
Category: 🎬电影频道, Name: 经典电影, Total: 9, Valid: 6, Valid Percent: 66.67%, Whitelist: 0, IPv4: 0, IPv6: 9, Min Delay: 0.1 ms, Max Speed: 0.00 M/s, Avg Speed: 0.00 M/s, Max Resolution: 1920x1080
Category: 🎬电影频道, Name: IPTV经典电影, Total: 1, Valid: 1, Valid Percent: 100.00%, Whitelist: 0, IPv4: 1, IPv6: 0, Min Delay: 23 ms, Max Speed: 22.78 M/s, Avg Speed: 22.78 M/s, Max Resolution: 1920x1080
Category: 🎬电影频道, Name: 天映经典, Total: 100, Valid: 0, Valid Percent: 0.00%, Whitelist: 0, IPv4: 0, IPv6: 100, Min Delay: -1 ms, Max Speed: 0.00 M/s, Avg Speed: 0.00 M/s, Max Resolution: None
Category: 🎬电影频道, Name: 无线星河, Total: 8, Valid: 1, Valid Percent: 12.50%, Whitelist: 0, IPv4: 0, IPv6: 8, Min Delay: 0.1 ms, Max Speed: 0.00 M/s, Avg Speed: 0.00 M/s, Max Resolution: 1920x1080
Category: 🎬电影频道, Name: 星空卫视, Total: 6, Valid: 1, Valid Percent: 16.67%, Whitelist: 0, IPv4: 0, IPv6: 6, Min Delay: 0.1 ms, Max Speed: 0.00 M/s, Avg Speed: 0.00 M/s, Max Resolution: 1920x1080
Category: 🎬电影频道, Name: 东森电影, Total: 6, Valid: 4, Valid Percent: 66.67%, Whitelist: 0, IPv4: 0, IPv6: 6, Min Delay: 0.1 ms, Max Speed: 0.00 M/s, Avg Speed: 0.00 M/s, Max Resolution: 1920x1080
Category: 🎬电影频道, Name: 龙祥电影, Total: 2, Valid: 0, Valid Percent: 0.00%, Whitelist: 0, IPv4: 0, IPv6: 2, Min Delay: -1 ms, Max Speed: 0.00 M/s, Avg Speed: 0.00 M/s, Max Resolution: None
Category: 🎬电影频道, Name: 东森洋片, Total: 79, Valid: 0, Valid Percent: 0.00%, Whitelist: 0, IPv4: 0, IPv6: 79, Min Delay: -1 ms, Max Speed: 0.00 M/s, Avg Speed: 0.00 M/s, Max Resolution: None
Category: 🎬电影频道, Name: 东森超视, Total: 10, Valid: 5, Valid Percent: 50.00%, Whitelist: 0, IPv4: 0, IPv6: 10, Min Delay: 0.1 ms, Max Speed: 0.00 M/s, Avg Speed: 0.00 M/s, Max Resolution: 1920x1080
Category: 🎥咪咕直播, Name: 咪咕直播2, Total: 1, Valid: 1, Valid Percent: 100.00%, Whitelist: 0, IPv4: 0, IPv6: 1, Min Delay: 0.1 ms, Max Speed: 0.00 M/s, Avg Speed: 0.00 M/s, Max Resolution: 1920x1080
Category: 🎥咪咕直播, Name: 咪咕直播3, Total: 1, Valid: 1, Valid Percent: 100.00%, Whitelist: 0, IPv4: 0, IPv6: 1, Min Delay: 0.1 ms, Max Speed: 0.00 M/s, Avg Speed: 0.00 M/s, Max Resolution: 1920x1080
Category: 🎥咪咕直播, Name: 咪咕直播4, Total: 1, Valid: 1, Valid Percent: 100.00%, Whitelist: 0, IPv4: 0, IPv6: 1, Min Delay: 0.1 ms, Max Speed: 0.00 M/s, Avg Speed: 0.00 M/s, Max Resolution: 1920x1080
Category: 🎥咪咕直播, Name: 咪咕直播5, Total: 1, Valid: 1, Valid Percent: 100.00%, Whitelist: 0, IPv4: 0, IPv6: 1, Min Delay: 0.1 ms, Max Speed: 0.00 M/s, Avg Speed: 0.00 M/s, Max Resolution: 1920x1080
Category: 🎥咪咕直播, Name: 咪咕直播6, Total: 1, Valid: 1, Valid Percent: 100.00%, Whitelist: 0, IPv4: 0, IPv6: 1, Min Delay: 0.1 ms, Max Speed: 0.00 M/s, Avg Speed: 0.00 M/s, Max Resolution: 1920x1080
Category: 🎥咪咕直播, Name: 咪咕直播7, Total: 1, Valid: 1, Valid Percent: 100.00%, Whitelist: 0, IPv4: 0, IPv6: 1, Min Delay: 0.1 ms, Max Speed: 0.00 M/s, Avg Speed: 0.00 M/s, Max Resolution: 1920x1080
Category: 🎥咪咕直播, Name: 咪咕直播8, Total: 1, Valid: 1, Valid Percent: 100.00%, Whitelist: 0, IPv4: 0, IPv6: 1, Min Delay: 0.1 ms, Max Speed: 0.00 M/s, Avg Speed: 0.00 M/s, Max Resolution: 1920x1080
Category: 🎥咪咕直播, Name: 咪咕直播9, Total: 1, Valid: 1, Valid Percent: 100.00%, Whitelist: 0, IPv4: 0, IPv6: 1, Min Delay: 0.1 ms, Max Speed: 0.00 M/s, Avg Speed: 0.00 M/s, Max Resolution: 1920x1080
Category: 🎥咪咕直播, Name: 咪咕直播10, Total: 1, Valid: 1, Valid Percent: 100.00%, Whitelist: 0, IPv4: 0, IPv6: 1, Min Delay: 0.1 ms, Max Speed: 0.00 M/s, Avg Speed: 0.00 M/s, Max Resolution: 1920x1080
Category: 🎥咪咕直播, Name: 咪咕直播11, Total: 1, Valid: 1, Valid Percent: 100.00%, Whitelist: 0, IPv4: 0, IPv6: 1, Min Delay: 0.1 ms, Max Speed: 0.00 M/s, Avg Speed: 0.00 M/s, Max Resolution: 1920x1080
Category: 🎥咪咕直播, Name: 咪咕直播12, Total: 1, Valid: 1, Valid Percent: 100.00%, Whitelist: 0, IPv4: 0, IPv6: 1, Min Delay: 0.1 ms, Max Speed: 0.00 M/s, Avg Speed: 0.00 M/s, Max Resolution: 1920x1080
Category: 🎥咪咕直播, Name: 咪咕直播13, Total: 1, Valid: 1, Valid Percent: 100.00%, Whitelist: 0, IPv4: 0, IPv6: 1, Min Delay: 0.1 ms, Max Speed: 0.00 M/s, Avg Speed: 0.00 M/s, Max Resolution: 1920x1080
Category: 🎥咪咕直播, Name: 咪咕直播14, Total: 1, Valid: 1, Valid Percent: 100.00%, Whitelist: 0, IPv4: 0, IPv6: 1, Min Delay: 0.1 ms, Max Speed: 0.00 M/s, Avg Speed: 0.00 M/s, Max Resolution: 1920x1080
Category: 🎥咪咕直播, Name: 咪咕直播15, Total: 1, Valid: 1, Valid Percent: 100.00%, Whitelist: 0, IPv4: 0, IPv6: 1, Min Delay: 0.1 ms, Max Speed: 0.00 M/s, Avg Speed: 0.00 M/s, Max Resolution: 1920x1080
Category: 🎥咪咕直播, Name: 咪咕直播16, Total: 1, Valid: 1, Valid Percent: 100.00%, Whitelist: 0, IPv4: 0, IPv6: 1, Min Delay: 0.1 ms, Max Speed: 0.00 M/s, Avg Speed: 0.00 M/s, Max Resolution: 1920x1080
Category: 🎥咪咕直播, Name: 咪咕直播17, Total: 1, Valid: 1, Valid Percent: 100.00%, Whitelist: 0, IPv4: 0, IPv6: 1, Min Delay: 0.1 ms, Max Speed: 0.00 M/s, Avg Speed: 0.00 M/s, Max Resolution: 1920x1080
Category: 🎥咪咕直播, Name: 咪咕直播18, Total: 1, Valid: 1, Valid Percent: 100.00%, Whitelist: 0, IPv4: 0, IPv6: 1, Min Delay: 0.1 ms, Max Speed: 0.00 M/s, Avg Speed: 0.00 M/s, Max Resolution: 1920x1080
Category: 🎥咪咕直播, Name: 咪咕直播19, Total: 1, Valid: 1, Valid Percent: 100.00%, Whitelist: 0, IPv4: 0, IPv6: 1, Min Delay: 0.1 ms, Max Speed: 0.00 M/s, Avg Speed: 0.00 M/s, Max Resolution: 1920x1080
Category: 🎥咪咕直播, Name: 咪咕直播20, Total: 1, Valid: 1, Valid Percent: 100.00%, Whitelist: 0, IPv4: 0, IPv6: 1, Min Delay: 0.1 ms, Max Speed: 0.00 M/s, Avg Speed: 0.00 M/s, Max Resolution: 1920x1080
Category: 🎥咪咕直播, Name: 咪咕直播21, Total: 1, Valid: 1, Valid Percent: 100.00%, Whitelist: 0, IPv4: 0, IPv6: 1, Min Delay: 0.1 ms, Max Speed: 0.00 M/s, Avg Speed: 0.00 M/s, Max Resolution: 1920x1080
Category: 🎥咪咕直播, Name: 咪咕直播22, Total: 1, Valid: 1, Valid Percent: 100.00%, Whitelist: 0, IPv4: 0, IPv6: 1, Min Delay: 0.1 ms, Max Speed: 0.00 M/s, Avg Speed: 0.00 M/s, Max Resolution: 1920x1080
Category: 🎥咪咕直播, Name: 咪咕直播23, Total: 1, Valid: 1, Valid Percent: 100.00%, Whitelist: 0, IPv4: 0, IPv6: 1, Min Delay: 0.1 ms, Max Speed: 0.00 M/s, Avg Speed: 0.00 M/s, Max Resolution: 1920x1080
Category: 🎥咪咕直播, Name: 咪咕直播24, Total: 1, Valid: 1, Valid Percent: 100.00%, Whitelist: 0, IPv4: 0, IPv6: 1, Min Delay: 0.1 ms, Max Speed: 0.00 M/s, Avg Speed: 0.00 M/s, Max Resolution: 1920x1080
Category: 🎥咪咕直播, Name: 咪咕直播25, Total: 1, Valid: 1, Valid Percent: 100.00%, Whitelist: 0, IPv4: 0, IPv6: 1, Min Delay: 0.1 ms, Max Speed: 0.00 M/s, Avg Speed: 0.00 M/s, Max Resolution: 1920x1080
Category: 🎥咪咕直播, Name: 咪咕直播26, Total: 1, Valid: 1, Valid Percent: 100.00%, Whitelist: 0, IPv4: 0, IPv6: 1, Min Delay: 0.1 ms, Max Speed: 0.00 M/s, Avg Speed: 0.00 M/s, Max Resolution: 1920x1080
Category: 🎥咪咕直播, Name: 咪咕直播27, Total: 1, Valid: 1, Valid Percent: 100.00%, Whitelist: 0, IPv4: 0, IPv6: 1, Min Delay: 0.1 ms, Max Speed: 0.00 M/s, Avg Speed: 0.00 M/s, Max Resolution: 1920x1080
Category: 🎥咪咕直播, Name: 咪咕直播28, Total: 1, Valid: 1, Valid Percent: 100.00%, Whitelist: 0, IPv4: 0, IPv6: 1, Min Delay: 0.1 ms, Max Speed: 0.00 M/s, Avg Speed: 0.00 M/s, Max Resolution: 1920x1080
Category: 🎥咪咕直播, Name: 咪咕直播29, Total: 1, Valid: 1, Valid Percent: 100.00%, Whitelist: 0, IPv4: 0, IPv6: 1, Min Delay: 0.1 ms, Max Speed: 0.00 M/s, Avg Speed: 0.00 M/s, Max Resolution: 1920x1080
Category: 🎥咪咕直播, Name: 咪咕直播30, Total: 1, Valid: 1, Valid Percent: 100.00%, Whitelist: 0, IPv4: 0, IPv6: 1, Min Delay: 0.1 ms, Max Speed: 0.00 M/s, Avg Speed: 0.00 M/s, Max Resolution: 1920x1080
Category: 🎥咪咕直播, Name: 咪咕直播31, Total: 1, Valid: 1, Valid Percent: 100.00%, Whitelist: 0, IPv4: 0, IPv6: 1, Min Delay: 0.1 ms, Max Speed: 0.00 M/s, Avg Speed: 0.00 M/s, Max Resolution: 1920x1080
Category: 🎥咪咕直播, Name: 咪咕直播32, Total: 1, Valid: 1, Valid Percent: 100.00%, Whitelist: 0, IPv4: 0, IPv6: 1, Min Delay: 0.1 ms, Max Speed: 0.00 M/s, Avg Speed: 0.00 M/s, Max Resolution: 1920x1080
Category: 🎥咪咕直播, Name: 咪咕直播33, Total: 1, Valid: 1, Valid Percent: 100.00%, Whitelist: 0, IPv4: 0, IPv6: 1, Min Delay: 0.1 ms, Max Speed: 0.00 M/s, Avg Speed: 0.00 M/s, Max Resolution: 1920x1080
Category: 🎥咪咕直播, Name: 咪咕直播34, Total: 1, Valid: 1, Valid Percent: 100.00%, Whitelist: 0, IPv4: 0, IPv6: 1, Min Delay: 0.1 ms, Max Speed: 0.00 M/s, Avg Speed: 0.00 M/s, Max Resolution: 1920x1080
Category: 🎥咪咕直播, Name: 咪咕直播35, Total: 1, Valid: 1, Valid Percent: 100.00%, Whitelist: 0, IPv4: 0, IPv6: 1, Min Delay: 0.1 ms, Max Speed: 0.00 M/s, Avg Speed: 0.00 M/s, Max Resolution: 1920x1080
Category: 🎥咪咕直播, Name: 咪咕直播36, Total: 1, Valid: 1, Valid Percent: 100.00%, Whitelist: 0, IPv4: 0, IPv6: 1, Min Delay: 0.1 ms, Max Speed: 0.00 M/s, Avg Speed: 0.00 M/s, Max Resolution: 1920x1080
Category: 🎥咪咕直播, Name: 咪咕直播37, Total: 1, Valid: 1, Valid Percent: 100.00%, Whitelist: 0, IPv4: 0, IPv6: 1, Min Delay: 0.1 ms, Max Speed: 0.00 M/s, Avg Speed: 0.00 M/s, Max Resolution: 1920x1080
Category: 🎥咪咕直播, Name: 咪咕直播38, Total: 1, Valid: 1, Valid Percent: 100.00%, Whitelist: 0, IPv4: 0, IPv6: 1, Min Delay: 0.1 ms, Max Speed: 0.00 M/s, Avg Speed: 0.00 M/s, Max Resolution: 1920x1080
Category: 🏀体育频道, Name: CCTV-5, Total: 342, Valid: 37, Valid Percent: 10.82%, Whitelist: 0, IPv4: 0, IPv6: 342, Min Delay: 0.1 ms, Max Speed: 0.00 M/s, Avg Speed: 0.00 M/s, Max Resolution: 1920x1080
Category: 🏀体育频道, Name: CCTV-5+, Total: 96, Valid: 37, Valid Percent: 38.54%, Whitelist: 0, IPv4: 0, IPv6: 96, Min Delay: 0.1 ms, Max Speed: 0.00 M/s, Avg Speed: 0.00 M/s, Max Resolution: 1920x1080
Category: 🎵音乐频道, Name: CCTV-15, Total: 227, Valid: 63, Valid Percent: 27.75%, Whitelist: 0, IPv4: 0, IPv6: 227, Min Delay: 0.1 ms, Max Speed: 0.00 M/s, Avg Speed: 0.00 M/s, Max Resolution: 1920x1080
Category: 🎵音乐频道, Name: 风云音乐, Total: 2, Valid: 0, Valid Percent: 0.00%, Whitelist: 0, IPv4: 0, IPv6: 2, Min Delay: -1 ms, Max Speed: 0.00 M/s, Avg Speed: 0.00 M/s, Max Resolution: None
Category: 🎵音乐频道, Name: 音乐现场, Total: 2, Valid: 2, Valid Percent: 100.00%, Whitelist: 0, IPv4: 2, IPv6: 0, Min Delay: 59 ms, Max Speed: 1.54 M/s, Avg Speed: 1.42 M/s, Max Resolution: None
Category: 🎵音乐频道, Name: 音乐之声, Total: 1, Valid: 1, Valid Percent: 100.00%, Whitelist: 0, IPv4: 1, IPv6: 0, Min Delay: 962 ms, Max Speed: 0.18 M/s, Avg Speed: 0.18 M/s, Max Resolution: None
Category: 🎵音乐频道, Name: 潮流音乐, Total: 1, Valid: 1, Valid Percent: 100.00%, Whitelist: 0, IPv4: 1, IPv6: 0, Min Delay: 5951 ms, Max Speed: 0.11 M/s, Avg Speed: 0.11 M/s, Max Resolution: None
Category: 🎵音乐频道, Name: 音乐广播, Total: 58, Valid: 0, Valid Percent: 0.00%, Whitelist: 0, IPv4: 0, IPv6: 58, Min Delay: -1 ms, Max Speed: 0.00 M/s, Avg Speed: 0.00 M/s, Max Resolution: None
Category: 🏛经典剧场, Name: 笑傲江湖, Total: 4, Valid: 3, Valid Percent: 75.00%, Whitelist: 0, IPv4: 0, IPv6: 4, Min Delay: 0.1 ms, Max Speed: 0.00 M/s, Avg Speed: 0.00 M/s, Max Resolution: 1920x1080
Category: 🏛经典剧场, Name: 天龙八部, Total: 5, Valid: 4, Valid Percent: 80.00%, Whitelist: 0, IPv4: 0, IPv6: 5, Min Delay: 0.1 ms, Max Speed: 0.00 M/s, Avg Speed: 0.00 M/s, Max Resolution: 1920x1080
Category: 🏛经典剧场, Name: 鹿鼎记, Total: 1, Valid: 1, Valid Percent: 100.00%, Whitelist: 0, IPv4: 0, IPv6: 1, Min Delay: 0.1 ms, Max Speed: 0.00 M/s, Avg Speed: 0.00 M/s, Max Resolution: 1920x1080
Category: 🏛经典剧场, Name: 仙剑奇侠传, Total: 1, Valid: 1, Valid Percent: 100.00%, Whitelist: 0, IPv4: 0, IPv6: 1, Min Delay: 0.1 ms, Max Speed: 0.00 M/s, Avg Speed: 0.00 M/s, Max Resolution: 1920x1080
Category: 🏛经典剧场, Name: 西游记, Total: 3, Valid: 0, Valid Percent: 0.00%, Whitelist: 0, IPv4: 0, IPv6: 3, Min Delay: -1 ms, Max Speed: 0.00 M/s, Avg Speed: 0.00 M/s, Max Resolution: None
Category: 🏛经典剧场, Name: 三国演义, Total: 3, Valid: 2, Valid Percent: 66.67%, Whitelist: 0, IPv4: 0, IPv6: 3, Min Delay: 0.1 ms, Max Speed: 0.00 M/s, Avg Speed: 0.00 M/s, Max Resolution: 1920x1080
Category: 🏛经典剧场, Name: 水浒传, Total: 1, Valid: 1, Valid Percent: 100.00%, Whitelist: 0, IPv4: 0, IPv6: 1, Min Delay: 0.1 ms, Max Speed: 0.00 M/s, Avg Speed: 0.00 M/s, Max Resolution: 1920x1080
Category: 🏛经典剧场, Name: 新白娘子传奇, Total: 4, Valid: 4, Valid Percent: 100.00%, Whitelist: 0, IPv4: 0, IPv6: 4, Min Delay: 0.1 ms, Max Speed: 0.00 M/s, Avg Speed: 0.00 M/s, Max Resolution: 1920x1080
Category: 🏛经典剧场, Name: 济公游记, Total: 1, Valid: 1, Valid Percent: 100.00%, Whitelist: 0, IPv4: 0, IPv6: 1, Min Delay: 0.1 ms, Max Speed: 0.00 M/s, Avg Speed: 0.00 M/s, Max Resolution: 1920x1080
Category: 🏛经典剧场, Name: 封神榜, Total: 4, Valid: 3, Valid Percent: 75.00%, Whitelist: 0, IPv4: 0, IPv6: 4, Min Delay: 0.1 ms, Max Speed: 0.00 M/s, Avg Speed: 0.00 M/s, Max Resolution: 1920x1080
Category: 🏛经典剧场, Name: 闯关东, Total: 1, Valid: 1, Valid Percent: 100.00%, Whitelist: 0, IPv4: 1, IPv6: 0, Min Delay: 1704 ms, Max Speed: 0.20 M/s, Avg Speed: 0.20 M/s, Max Resolution: 1280x720
Category: 🏛经典剧场, Name: 上海滩, Total: 2, Valid: 2, Valid Percent: 100.00%, Whitelist: 0, IPv4: 0, IPv6: 2, Min Delay: 0.1 ms, Max Speed: 0.00 M/s, Avg Speed: 0.00 M/s, Max Resolution: 1920x1080
Category: 🏛经典剧场, Name: 射雕英雄传, Total: 1, Valid: 1, Valid Percent: 100.00%, Whitelist: 0, IPv4: 0, IPv6: 1, Min Delay: 0.1 ms, Max Speed: 0.00 M/s, Avg Speed: 0.00 M/s, Max Resolution: 1920x1080
